../Core/Src/main.c:93:5:main	8	static
../Core/Src/main.c:177:6:SystemClock_Config	88	static
../Core/Src/main.c:223:13:MX_ETH_Init	8	static
../Core/Src/main.c:272:13:MX_I2C1_Init	8	static
../Core/Src/main.c:320:13:MX_TIM10_Init	8	static
../Core/Src/main.c:351:13:MX_USART3_UART_Init	8	static
../Core/Src/main.c:384:13:MX_USB_OTG_FS_PCD_Init	8	static
../Core/Src/main.c:419:13:MX_GPIO_Init	56	static
../Core/Src/main.c:466:6:delay_us	16	static
../Core/Src/main.c:484:6:StartDefaultTask	16	static
../Core/Src/main.c:503:6:HAL_TIM_PeriodElapsedCallback	16	static
../Core/Src/main.c:520:6:Error_Handler	4	static,ignoring_inline_asm
