../Core/Src/main.c:93:5:main	8	static
../Core/Src/main.c:179:6:SystemClock_Config	88	static
../Core/Src/main.c:225:13:MX_ETH_Init	8	static
../Core/Src/main.c:274:13:MX_I2C1_Init	8	static
../Core/Src/main.c:322:13:MX_TIM10_Init	8	static
../Core/Src/main.c:353:13:MX_USART3_UART_Init	8	static
../Core/Src/main.c:386:13:MX_USB_OTG_FS_PCD_Init	8	static
../Core/Src/main.c:421:13:MX_GPIO_Init	56	static
../Core/Src/main.c:468:6:delay_us	16	static
../Core/Src/main.c:486:6:StartDefaultTask	16	static
../Core/Src/main.c:505:6:HAL_TIM_PeriodElapsedCallback	16	static
../Core/Src/main.c:522:6:Error_Handler	4	static,ignoring_inline_asm
